// Jest Snapshot v1, https://goo.gl/fbAQLP

exports[`CustomTipsConfiguration formatting (a long message with an indented line) _showErrorTip prints an expected message 1`] = `
Array [
  "--- normal output ---",
  "",
  "",
  "---------------------",
  "--- error output ---",
  "[red]| Custom Tip (TIP_PNPM_INVALID_NODE_VERSION)[default]",
  "[red]|[default]",
  "[red]| [default]Lorem ipsum dolor sit amet, consectetur",
  "[red]| [default]adipiscing elit, sed do eiusmod tempor",
  "[red]| [default]incididunt ut labore et dolore magna aliqua. Ut",
  "[red]| [default]enim ad minim veniam, quis nostrud exercitation",
  "[red]| [default]ullamco laboris nisi ut aliquip ex ea commodo",
  "[red]| [default]consequat. Duis aute irure dolor in",
  "[red]| [default]reprehenderit in voluptate velit esse cillum",
  "[red]| [default]dolore eu fugiat nulla pariatur. Excepteur sint",
  "[red]| [default]occaecat cupidatat non proident, sunt in culpa",
  "[red]| [default]qui officia deserunt mollit anim id est laborum.",
  "[red]| [default]  Lorem ipsum dolor sit amet, consectetur",
  "[red]| [default]  adipiscing elit, sed do eiusmod tempor",
  "[red]| [default]  incididunt ut labore et dolore magna aliqua. Ut",
  "[red]| [default]  enim ad minim veniam, quis nostrud exercitation",
  "[red]| [default]  ullamco laboris nisi ut aliquip ex ea commodo",
  "[red]| [default]  consequat. Duis aute irure dolor in",
  "[red]| [default]  reprehenderit in voluptate velit esse cillum",
  "[red]| [default]  dolore eu fugiat nulla pariatur. Excepteur sint",
  "[red]| [default]  occaecat cupidatat non proident, sunt in culpa",
  "[red]| [default]  qui officia deserunt mollit anim id est laborum.",
  "",
  "--------------------",
  "--- warning output ---",
  "",
  "----------------------",
  "--- verbose output ---",
  "",
  "----------------------",
  "--- debug output ---",
  "",
  "--------------------",
]
`;

exports[`CustomTipsConfiguration formatting (a long message with an indented line) _showInfoTip prints an expected message 1`] = `
Array [
  "--- normal output ---",
  "| Custom Tip (TIP_PNPM_INVALID_NODE_VERSION)",
  "|",
  "| Lorem ipsum dolor sit amet, consectetur adipiscing elit,",
  "| sed do eiusmod tempor incididunt ut labore et dolore magna",
  "| aliqua. Ut enim ad minim veniam, quis nostrud exercitation",
  "| ullamco laboris nisi ut aliquip ex ea commodo consequat.",
  "| Duis aute irure dolor in reprehenderit in voluptate velit",
  "| esse cillum dolore eu fugiat nulla pariatur. Excepteur",
  "| sint occaecat cupidatat non proident, sunt in culpa qui",
  "| officia deserunt mollit anim id est laborum.",
  "|   Lorem ipsum dolor sit amet, consectetur adipiscing elit,",
  "|   sed do eiusmod tempor incididunt ut labore et dolore magna",
  "|   aliqua. Ut enim ad minim veniam, quis nostrud exercitation",
  "|   ullamco laboris nisi ut aliquip ex ea commodo consequat.",
  "|   Duis aute irure dolor in reprehenderit in voluptate velit",
  "|   esse cillum dolore eu fugiat nulla pariatur. Excepteur",
  "|   sint occaecat cupidatat non proident, sunt in culpa qui",
  "|   officia deserunt mollit anim id est laborum.",
  "",
  "",
  "---------------------",
  "--- error output ---",
  "",
  "--------------------",
  "--- warning output ---",
  "",
  "----------------------",
  "--- verbose output ---",
  "",
  "----------------------",
  "--- debug output ---",
  "",
  "--------------------",
]
`;

exports[`CustomTipsConfiguration formatting (a long message with an indented line) _showTip prints an expected message 1`] = `
Array [
  "--- normal output ---",
  "",
  "",
  "---------------------",
  "--- error output ---",
  "[red]| Custom Tip (TIP_PNPM_INVALID_NODE_VERSION)[default]",
  "[red]|[default]",
  "[red]| [default]Lorem ipsum dolor sit amet, consectetur",
  "[red]| [default]adipiscing elit, sed do eiusmod tempor",
  "[red]| [default]incididunt ut labore et dolore magna aliqua. Ut",
  "[red]| [default]enim ad minim veniam, quis nostrud exercitation",
  "[red]| [default]ullamco laboris nisi ut aliquip ex ea commodo",
  "[red]| [default]consequat. Duis aute irure dolor in",
  "[red]| [default]reprehenderit in voluptate velit esse cillum",
  "[red]| [default]dolore eu fugiat nulla pariatur. Excepteur sint",
  "[red]| [default]occaecat cupidatat non proident, sunt in culpa",
  "[red]| [default]qui officia deserunt mollit anim id est laborum.",
  "[red]| [default]  Lorem ipsum dolor sit amet, consectetur",
  "[red]| [default]  adipiscing elit, sed do eiusmod tempor",
  "[red]| [default]  incididunt ut labore et dolore magna aliqua. Ut",
  "[red]| [default]  enim ad minim veniam, quis nostrud exercitation",
  "[red]| [default]  ullamco laboris nisi ut aliquip ex ea commodo",
  "[red]| [default]  consequat. Duis aute irure dolor in",
  "[red]| [default]  reprehenderit in voluptate velit esse cillum",
  "[red]| [default]  dolore eu fugiat nulla pariatur. Excepteur sint",
  "[red]| [default]  occaecat cupidatat non proident, sunt in culpa",
  "[red]| [default]  qui officia deserunt mollit anim id est laborum.",
  "",
  "--------------------",
  "--- warning output ---",
  "",
  "----------------------",
  "--- verbose output ---",
  "",
  "----------------------",
  "--- debug output ---",
  "",
  "--------------------",
]
`;

exports[`CustomTipsConfiguration formatting (a long message with an indented line) _showWarningTip prints an expected message 1`] = `
Array [
  "--- normal output ---",
  "",
  "",
  "---------------------",
  "--- error output ---",
  "",
  "--------------------",
  "--- warning output ---",
  "[yellow]| Custom Tip (TIP_PNPM_INVALID_NODE_VERSION)[default]",
  "[yellow]|[default]",
  "[yellow]| [default]Lorem ipsum dolor sit amet, consectetur",
  "[yellow]| [default]adipiscing elit, sed do eiusmod tempor",
  "[yellow]| [default]incididunt ut labore et dolore magna aliqua. Ut",
  "[yellow]| [default]enim ad minim veniam, quis nostrud exercitation",
  "[yellow]| [default]ullamco laboris nisi ut aliquip ex ea commodo",
  "[yellow]| [default]consequat. Duis aute irure dolor in",
  "[yellow]| [default]reprehenderit in voluptate velit esse cillum",
  "[yellow]| [default]dolore eu fugiat nulla pariatur. Excepteur sint",
  "[yellow]| [default]occaecat cupidatat non proident, sunt in culpa",
  "[yellow]| [default]qui officia deserunt mollit anim id est laborum.",
  "[yellow]| [default]  Lorem ipsum dolor sit amet, consectetur",
  "[yellow]| [default]  adipiscing elit, sed do eiusmod tempor",
  "[yellow]| [default]  incididunt ut labore et dolore magna aliqua. Ut",
  "[yellow]| [default]  enim ad minim veniam, quis nostrud exercitation",
  "[yellow]| [default]  ullamco laboris nisi ut aliquip ex ea commodo",
  "[yellow]| [default]  consequat. Duis aute irure dolor in",
  "[yellow]| [default]  reprehenderit in voluptate velit esse cillum",
  "[yellow]| [default]  dolore eu fugiat nulla pariatur. Excepteur sint",
  "[yellow]| [default]  occaecat cupidatat non proident, sunt in culpa",
  "[yellow]| [default]  qui officia deserunt mollit anim id est laborum.",
  "",
  "----------------------",
  "--- verbose output ---",
  "",
  "----------------------",
  "--- debug output ---",
  "",
  "--------------------",
]
`;

exports[`CustomTipsConfiguration formatting (a long message) _showErrorTip prints an expected message 1`] = `
Array [
  "--- normal output ---",
  "",
  "",
  "---------------------",
  "--- error output ---",
  "[red]| Custom Tip (TIP_PNPM_INVALID_NODE_VERSION)[default]",
  "[red]|[default]",
  "[red]| [default]Lorem ipsum dolor sit amet, consectetur",
  "[red]| [default]adipiscing elit, sed do eiusmod tempor",
  "[red]| [default]incididunt ut labore et dolore magna aliqua. Ut",
  "[red]| [default]enim ad minim veniam, quis nostrud exercitation",
  "[red]| [default]ullamco laboris nisi ut aliquip ex ea commodo",
  "[red]| [default]consequat. Duis aute irure dolor in",
  "[red]| [default]reprehenderit in voluptate velit esse cillum",
  "[red]| [default]dolore eu fugiat nulla pariatur. Excepteur sint",
  "[red]| [default]occaecat cupidatat non proident, sunt in culpa",
  "[red]| [default]qui officia deserunt mollit anim id est laborum.",
  "",
  "--------------------",
  "--- warning output ---",
  "",
  "----------------------",
  "--- verbose output ---",
  "",
  "----------------------",
  "--- debug output ---",
  "",
  "--------------------",
]
`;

exports[`CustomTipsConfiguration formatting (a long message) _showInfoTip prints an expected message 1`] = `
Array [
  "--- normal output ---",
  "| Custom Tip (TIP_PNPM_INVALID_NODE_VERSION)",
  "|",
  "| Lorem ipsum dolor sit amet, consectetur adipiscing elit,",
  "| sed do eiusmod tempor incididunt ut labore et dolore magna",
  "| aliqua. Ut enim ad minim veniam, quis nostrud exercitation",
  "| ullamco laboris nisi ut aliquip ex ea commodo consequat.",
  "| Duis aute irure dolor in reprehenderit in voluptate velit",
  "| esse cillum dolore eu fugiat nulla pariatur. Excepteur",
  "| sint occaecat cupidatat non proident, sunt in culpa qui",
  "| officia deserunt mollit anim id est laborum.",
  "",
  "",
  "---------------------",
  "--- error output ---",
  "",
  "--------------------",
  "--- warning output ---",
  "",
  "----------------------",
  "--- verbose output ---",
  "",
  "----------------------",
  "--- debug output ---",
  "",
  "--------------------",
]
`;

exports[`CustomTipsConfiguration formatting (a long message) _showTip prints an expected message 1`] = `
Array [
  "--- normal output ---",
  "",
  "",
  "---------------------",
  "--- error output ---",
  "[red]| Custom Tip (TIP_PNPM_INVALID_NODE_VERSION)[default]",
  "[red]|[default]",
  "[red]| [default]Lorem ipsum dolor sit amet, consectetur",
  "[red]| [default]adipiscing elit, sed do eiusmod tempor",
  "[red]| [default]incididunt ut labore et dolore magna aliqua. Ut",
  "[red]| [default]enim ad minim veniam, quis nostrud exercitation",
  "[red]| [default]ullamco laboris nisi ut aliquip ex ea commodo",
  "[red]| [default]consequat. Duis aute irure dolor in",
  "[red]| [default]reprehenderit in voluptate velit esse cillum",
  "[red]| [default]dolore eu fugiat nulla pariatur. Excepteur sint",
  "[red]| [default]occaecat cupidatat non proident, sunt in culpa",
  "[red]| [default]qui officia deserunt mollit anim id est laborum.",
  "",
  "--------------------",
  "--- warning output ---",
  "",
  "----------------------",
  "--- verbose output ---",
  "",
  "----------------------",
  "--- debug output ---",
  "",
  "--------------------",
]
`;

exports[`CustomTipsConfiguration formatting (a long message) _showWarningTip prints an expected message 1`] = `
Array [
  "--- normal output ---",
  "",
  "",
  "---------------------",
  "--- error output ---",
  "",
  "--------------------",
  "--- warning output ---",
  "[yellow]| Custom Tip (TIP_PNPM_INVALID_NODE_VERSION)[default]",
  "[yellow]|[default]",
  "[yellow]| [default]Lorem ipsum dolor sit amet, consectetur",
  "[yellow]| [default]adipiscing elit, sed do eiusmod tempor",
  "[yellow]| [default]incididunt ut labore et dolore magna aliqua. Ut",
  "[yellow]| [default]enim ad minim veniam, quis nostrud exercitation",
  "[yellow]| [default]ullamco laboris nisi ut aliquip ex ea commodo",
  "[yellow]| [default]consequat. Duis aute irure dolor in",
  "[yellow]| [default]reprehenderit in voluptate velit esse cillum",
  "[yellow]| [default]dolore eu fugiat nulla pariatur. Excepteur sint",
  "[yellow]| [default]occaecat cupidatat non proident, sunt in culpa",
  "[yellow]| [default]qui officia deserunt mollit anim id est laborum.",
  "",
  "----------------------",
  "--- verbose output ---",
  "",
  "----------------------",
  "--- debug output ---",
  "",
  "--------------------",
]
`;

exports[`CustomTipsConfiguration formatting (a message with an indented line) _showErrorTip prints an expected message 1`] = `
Array [
  "--- normal output ---",
  "",
  "",
  "---------------------",
  "--- error output ---",
  "[red]| Custom Tip (TIP_PNPM_INVALID_NODE_VERSION)[default]",
  "[red]|[default]",
  "[red]| [default]This is a test",
  "[red]| [default]  This is a test",
  "",
  "--------------------",
  "--- warning output ---",
  "",
  "----------------------",
  "--- verbose output ---",
  "",
  "----------------------",
  "--- debug output ---",
  "",
  "--------------------",
]
`;

exports[`CustomTipsConfiguration formatting (a message with an indented line) _showInfoTip prints an expected message 1`] = `
Array [
  "--- normal output ---",
  "| Custom Tip (TIP_PNPM_INVALID_NODE_VERSION)",
  "|",
  "| This is a test",
  "|   This is a test",
  "",
  "",
  "---------------------",
  "--- error output ---",
  "",
  "--------------------",
  "--- warning output ---",
  "",
  "----------------------",
  "--- verbose output ---",
  "",
  "----------------------",
  "--- debug output ---",
  "",
  "--------------------",
]
`;

exports[`CustomTipsConfiguration formatting (a message with an indented line) _showTip prints an expected message 1`] = `
Array [
  "--- normal output ---",
  "",
  "",
  "---------------------",
  "--- error output ---",
  "[red]| Custom Tip (TIP_PNPM_INVALID_NODE_VERSION)[default]",
  "[red]|[default]",
  "[red]| [default]This is a test",
  "[red]| [default]  This is a test",
  "",
  "--------------------",
  "--- warning output ---",
  "",
  "----------------------",
  "--- verbose output ---",
  "",
  "----------------------",
  "--- debug output ---",
  "",
  "--------------------",
]
`;

exports[`CustomTipsConfiguration formatting (a message with an indented line) _showWarningTip prints an expected message 1`] = `
Array [
  "--- normal output ---",
  "",
  "",
  "---------------------",
  "--- error output ---",
  "",
  "--------------------",
  "--- warning output ---",
  "[yellow]| Custom Tip (TIP_PNPM_INVALID_NODE_VERSION)[default]",
  "[yellow]|[default]",
  "[yellow]| [default]This is a test",
  "[yellow]| [default]  This is a test",
  "",
  "----------------------",
  "--- verbose output ---",
  "",
  "----------------------",
  "--- debug output ---",
  "",
  "--------------------",
]
`;

exports[`CustomTipsConfiguration formatting (a message with newlines) _showErrorTip prints an expected message 1`] = `
Array [
  "--- normal output ---",
  "",
  "",
  "---------------------",
  "--- error output ---",
  "[red]| Custom Tip (TIP_PNPM_INVALID_NODE_VERSION)[default]",
  "[red]|[default]",
  "[red]| [default]This is a test",
  "[red]| [default]This is a test",
  "",
  "--------------------",
  "--- warning output ---",
  "",
  "----------------------",
  "--- verbose output ---",
  "",
  "----------------------",
  "--- debug output ---",
  "",
  "--------------------",
]
`;

exports[`CustomTipsConfiguration formatting (a message with newlines) _showInfoTip prints an expected message 1`] = `
Array [
  "--- normal output ---",
  "| Custom Tip (TIP_PNPM_INVALID_NODE_VERSION)",
  "|",
  "| This is a test",
  "| This is a test",
  "",
  "",
  "---------------------",
  "--- error output ---",
  "",
  "--------------------",
  "--- warning output ---",
  "",
  "----------------------",
  "--- verbose output ---",
  "",
  "----------------------",
  "--- debug output ---",
  "",
  "--------------------",
]
`;

exports[`CustomTipsConfiguration formatting (a message with newlines) _showTip prints an expected message 1`] = `
Array [
  "--- normal output ---",
  "",
  "",
  "---------------------",
  "--- error output ---",
  "[red]| Custom Tip (TIP_PNPM_INVALID_NODE_VERSION)[default]",
  "[red]|[default]",
  "[red]| [default]This is a test",
  "[red]| [default]This is a test",
  "",
  "--------------------",
  "--- warning output ---",
  "",
  "----------------------",
  "--- verbose output ---",
  "",
  "----------------------",
  "--- debug output ---",
  "",
  "--------------------",
]
`;

exports[`CustomTipsConfiguration formatting (a message with newlines) _showWarningTip prints an expected message 1`] = `
Array [
  "--- normal output ---",
  "",
  "",
  "---------------------",
  "--- error output ---",
  "",
  "--------------------",
  "--- warning output ---",
  "[yellow]| Custom Tip (TIP_PNPM_INVALID_NODE_VERSION)[default]",
  "[yellow]|[default]",
  "[yellow]| [default]This is a test",
  "[yellow]| [default]This is a test",
  "",
  "----------------------",
  "--- verbose output ---",
  "",
  "----------------------",
  "--- debug output ---",
  "",
  "--------------------",
]
`;

exports[`CustomTipsConfiguration formatting (a short message) _showErrorTip prints an expected message 1`] = `
Array [
  "--- normal output ---",
  "",
  "",
  "---------------------",
  "--- error output ---",
  "[red]| Custom Tip (TIP_PNPM_INVALID_NODE_VERSION)[default]",
  "[red]|[default]",
  "[red]| [default]This is a test",
  "",
  "--------------------",
  "--- warning output ---",
  "",
  "----------------------",
  "--- verbose output ---",
  "",
  "----------------------",
  "--- debug output ---",
  "",
  "--------------------",
]
`;

exports[`CustomTipsConfiguration formatting (a short message) _showInfoTip prints an expected message 1`] = `
Array [
  "--- normal output ---",
  "| Custom Tip (TIP_PNPM_INVALID_NODE_VERSION)",
  "|",
  "| This is a test",
  "",
  "",
  "---------------------",
  "--- error output ---",
  "",
  "--------------------",
  "--- warning output ---",
  "",
  "----------------------",
  "--- verbose output ---",
  "",
  "----------------------",
  "--- debug output ---",
  "",
  "--------------------",
]
`;

exports[`CustomTipsConfiguration formatting (a short message) _showTip prints an expected message 1`] = `
Array [
  "--- normal output ---",
  "",
  "",
  "---------------------",
  "--- error output ---",
  "[red]| Custom Tip (TIP_PNPM_INVALID_NODE_VERSION)[default]",
  "[red]|[default]",
  "[red]| [default]This is a test",
  "",
  "--------------------",
  "--- warning output ---",
  "",
  "----------------------",
  "--- verbose output ---",
  "",
  "----------------------",
  "--- debug output ---",
  "",
  "--------------------",
]
`;

exports[`CustomTipsConfiguration formatting (a short message) _showWarningTip prints an expected message 1`] = `
Array [
  "--- normal output ---",
  "",
  "",
  "---------------------",
  "--- error output ---",
  "",
  "--------------------",
  "--- warning output ---",
  "[yellow]| Custom Tip (TIP_PNPM_INVALID_NODE_VERSION)[default]",
  "[yellow]|[default]",
  "[yellow]| [default]This is a test",
  "",
  "----------------------",
  "--- verbose output ---",
  "",
  "----------------------",
  "--- debug output ---",
  "",
  "--------------------",
]
`;

exports[`CustomTipsConfiguration loads the config file (custom-tips.json) 1`] = `
Map {
  "TIP_RUSH_INCONSISTENT_VERSIONS" => Object {
    "message": "This is so wrong my friend. Please read this doc for more information: google.com",
    "tipId": "TIP_RUSH_INCONSISTENT_VERSIONS",
  },
}
`;
